21:36:44 **** Incremental Build of configuration Debug for project display_unit ****
make all 
Building file: ../src/main.c
Invoking: MCU GCC Compiler
/home/mark/projects/shroomputer2/sw4stm32_workspace/display_unit/Debug
arm-none-eabi-gcc -mcpu=cortex-m0plus -mthumb -mfloat-abi=soft -DSTM32 -DSTM32L0 -DSTM32L031K6Tx -DNUCLEO_L031K6 -DDEBUG -DSTM32L031xx -I"/home/mark/projects/shroomputer2/sw4stm32_workspace/display_unit/Utilities" -I"/home/mark/projects/shroomputer2/sw4stm32_workspace/display_unit/inc" -I"/home/mark/projects/shroomputer2/sw4stm32_workspace/display_unit/CMSIS/device" -I"/home/mark/projects/shroomputer2/sw4stm32_workspace/display_unit/CMSIS/core" -Os -g3 -Wall -fmessage-length=0 -ffunction-sections -c -MMD -MP -MF"src/main.d" -MT"src/main.o" -o "src/main.o" "../src/main.c"
../src/main.c: In function 'reset_vent_settings':
../src/main.c:232:10: warning: assignment makes integer from pointer without a cast [-Wint-conversion]
  fanstop = GetSystickMs + (fanidleminutes + fanrunminutes) * 60000;
          ^
../src/main.c: In function 'main':
../src/main.c:826:34: warning: passing argument 1 of 'handle_settings_keys' discards 'volatile' qualifier from pointer target type [-Wdiscarded-qualifiers]
             handle_settings_keys(&fanrunminutes, ADDR_fanrunminutes, &application_state,
                                  ^
../src/main.c:236:6: note: expected 'int16_t * {aka short int *}' but argument is of type 'volatile int16_t * {aka volatile short int *}'
 void handle_settings_keys(int16_t* temperature_parameter, uint16_t parameter_eeprom_address, app_state_e *applicaton_state, widget_t * widget, app_state_e draw_previous_screen_state, app_state_e draw_screen_state, void (*reset_function)(void))
      ^~~~~~~~~~~~~~~~~~~~
../src/main.c:839:34: warning: passing argument 1 of 'handle_settings_keys' discards 'volatile' qualifier from pointer target type [-Wdiscarded-qualifiers]
             handle_settings_keys(&fanidleminutes, ADDR_fanidleminutes, &application_state,
                                  ^
../src/main.c:236:6: note: expected 'int16_t * {aka short int *}' but argument is of type 'volatile int16_t * {aka volatile short int *}'
 void handle_settings_keys(int16_t* temperature_parameter, uint16_t parameter_eeprom_address, app_state_e *applicaton_state, widget_t * widget, app_state_e draw_previous_screen_state, app_state_e draw_screen_state, void (*reset_function)(void))
      ^~~~~~~~~~~~~~~~~~~~
At top level:
../src/main.c:37:22: warning: 'light_off' defined but not used [-Wunused-const-variable=]
 static const uint8_t light_off[34] = {16,16,    0,0,0,248,204,2,3,129,193,225,115,58,158,254,7,3,0,96,112,56,31,14,127,243,241,240,124,14,3,0,0,0,};
                      ^~~~~~~~~
Finished building: ../src/main.c
 
Building target: display_unit.elf
Invoking: MCU GCC Linker
arm-none-eabi-gcc -mcpu=cortex-m0plus -mthumb -mfloat-abi=soft -T"/home/mark/projects/shroomputer2/sw4stm32_workspace/display_unit/LinkerScript.ld" -Wl,-Map=output.map -Wl,--gc-sections -o "display_unit.elf" @"objects.list"   -lm
Finished building target: display_unit.elf
 
make --no-print-directory post-build
Generating binary and Printing size information:
arm-none-eabi-objcopy -O binary "display_unit.elf" "display_unit.bin"
arm-none-eabi-size "display_unit.elf"
   text	   data	    bss	    dec	    hex	filename
  23484	   1176	   1920	  26580	   67d4	display_unit.elf
 

21:36:44 Build Finished (took 623ms)

