16:32:46 **** Incremental Build of configuration Debug for project display_unit ****
make all 
Building file: ../src/widgets.c
Invoking: MCU GCC Compiler
/home/mark/temp/sw4stm32_workspace/display_unit/Debug
arm-none-eabi-gcc -mcpu=cortex-m0plus -mthumb -mfloat-abi=soft -DSTM32 -DSTM32L0 -DSTM32L031K6Tx -DNUCLEO_L031K6 -DDEBUG -DSTM32L031xx -I"/home/mark/temp/sw4stm32_workspace/display_unit/Utilities" -I"/home/mark/temp/sw4stm32_workspace/display_unit/inc" -I"/home/mark/temp/sw4stm32_workspace/display_unit/CMSIS/device" -I"/home/mark/temp/sw4stm32_workspace/display_unit/CMSIS/core" -Os -g3 -Wall -fmessage-length=0 -ffunction-sections -c -MMD -MP -MF"src/widgets.d" -MT"src/widgets.o" -o "src/widgets.o" "../src/widgets.c"
../src/widgets.c: In function 'draw_widget':
../src/widgets.c:43:5: warning: enumeration value 'LABEL' not handled in switch [-Wswitch]
     switch(widget->widget_type)
     ^~~~~~
../src/widgets.c:43:5: warning: enumeration value 'BUTTON' not handled in switch [-Wswitch]
../src/widgets.c: In function 'pass_encoder_to_widget':
../src/widgets.c:107:5: warning: enumeration value 'LABEL' not handled in switch [-Wswitch]
     switch(widget->widget_type)
     ^~~~~~
../src/widgets.c:107:5: warning: enumeration value 'BUTTON' not handled in switch [-Wswitch]
Finished building: ../src/widgets.c
 
Building target: display_unit.elf
Invoking: MCU GCC Linker
arm-none-eabi-gcc -mcpu=cortex-m0plus -mthumb -mfloat-abi=soft -T"/home/mark/temp/sw4stm32_workspace/display_unit/LinkerScript.ld" -Wl,-Map=output.map -Wl,--gc-sections -o "display_unit.elf" @"objects.list"   -lm
Finished building target: display_unit.elf
 
make --no-print-directory post-build
Generating binary and Printing size information:
arm-none-eabi-objcopy -O binary "display_unit.elf" "display_unit.bin"
arm-none-eabi-size "display_unit.elf"
   text	   data	    bss	    dec	    hex	filename
  23648	   1184	   1936	  26768	   6890	display_unit.elf
 

16:32:47 Build Finished (took 264ms)

